[debug] [2026-09-19T09:52:13.190Z] ----------------------------------------------------------------------
[debug] [2026-09-19T09:52:13.195Z] Command:       C:\Program Files\nodejs\node.exe C:\Users\User\AppData\Roaming\npm\node_modules\firebase-tools\lib\bin\firebase.js init
[debug] [2026-09-19T09:52:13.196Z] CLI Version:   15.30.2
[debug] [2026-09-19T09:52:13.196Z] Platform:      win32
[debug] [2026-09-19T09:52:13.196Z] Node Version:  v24.19.0
[debug] [2026-09-19T09:52:13.196Z] Detected Agent: unknown
[debug] [2026-09-19T09:52:13.196Z] Time:          Sat Sep 19 2026 14:52:13 GMT+0500 (Таджикистан)
[debug] [2026-09-19T09:52:13.196Z] ----------------------------------------------------------------------
[debug] 
[info] 
     ######## #### ########  ######## ########     ###     ######  ########
     ##        ##  ##     ## ##       ##     ##  ##   ##  ##       ##
     ######    ##  ########  ######   ########  #########  ######  ######
     ##        ##  ##    ##  ##       ##     ## ##     ##       ## ##
     ##       #### ##     ## ######## ########  ##     ##  ######  ########

You're about to initialize a Firebase project in this directory:

  C:\Users\User\OneDrive\Документы\Projects\Apteka

[info] 
=== Project Setup
[info] 
[info] First, let's associate this project directory with a Firebase project.
[info] You can create multiple project aliases by running firebase use --add, 
[info] 
[debug] [2026-09-19T10:09:03.500Z] > command requires scopes: ["email","openid","https://www.googleapis.com/auth/cloudplatformprojects.readonly","https://www.googleapis.com/auth/firebase","https://www.googleapis.com/auth/cloud-platform"]
[debug] [2026-09-19T10:09:03.500Z] > authorizing via signed-in user (hidoatullo2711@gmail.com)
[debug] [2026-09-19T10:09:03.528Z] Checked if tokens are valid: true, expires at: 1789814821104
[debug] [2026-09-19T10:09:03.528Z] Checked if tokens are valid: true, expires at: 1789814821104
[debug] [2026-09-19T10:09:03.530Z] >>> [apiv2][query] GET https://firebase.googleapis.com/v1beta1/projects pageSize=100
[debug] [2026-09-19T10:09:06.333Z] <<< [apiv2][status] GET https://firebase.googleapis.com/v1beta1/projects 200
[debug] [2026-09-19T10:09:06.333Z] <<< [apiv2][body] GET https://firebase.googleapis.com/v1beta1/projects [omitted]
[info] 
=== Firestore Setup
[info] i  firestore: ensuring required API firestore.googleapis.com is enabled... 
[debug] [2026-09-19T10:09:26.244Z] Checked if tokens are valid: true, expires at: 1789814821104
[debug] [2026-09-19T10:09:26.244Z] Checked if tokens are valid: true, expires at: 1789814821104
[debug] [2026-09-19T10:09:26.245Z] >>> [apiv2][query] GET https://serviceusage.googleapis.com/v1/projects/apteka-6a804/services/firestore.googleapis.com [none]
[debug] [2026-09-19T10:09:26.246Z] >>> [apiv2][(partial)header] GET https://serviceusage.googleapis.com/v1/projects/apteka-6a804/services/firestore.googleapis.com  x-goog-user-project=apteka-6a804
[debug] [2026-09-19T10:09:28.359Z] <<< [apiv2][status] GET https://serviceusage.googleapis.com/v1/projects/apteka-6a804/services/firestore.googleapis.com 200
[debug] [2026-09-19T10:09:28.359Z] <<< [apiv2][body] GET https://serviceusage.googleapis.com/v1/projects/apteka-6a804/services/firestore.googleapis.com [omitted]
[warn] !  firestore: missing required API firestore.googleapis.com. Enabling now... 
[debug] [2026-09-19T10:09:28.360Z] Checked if tokens are valid: true, expires at: 1789814821104
[debug] [2026-09-19T10:09:28.360Z] Checked if tokens are valid: true, expires at: 1789814821104
[debug] [2026-09-19T10:09:28.361Z] >>> [apiv2][query] POST https://serviceusage.googleapis.com/v1/projects/apteka-6a804/services/firestore.googleapis.com:enable [none]
[debug] [2026-09-19T10:09:28.361Z] >>> [apiv2][(partial)header] POST https://serviceusage.googleapis.com/v1/projects/apteka-6a804/services/firestore.googleapis.com:enable  x-goog-user-project=apteka-6a804
[debug] [2026-09-19T10:09:30.084Z] <<< [apiv2][status] POST https://serviceusage.googleapis.com/v1/projects/apteka-6a804/services/firestore.googleapis.com:enable 200
[debug] [2026-09-19T10:09:30.084Z] <<< [apiv2][body] POST https://serviceusage.googleapis.com/v1/projects/apteka-6a804/services/firestore.googleapis.com:enable [omitted]
[debug] [2026-09-19T10:09:40.105Z] Checked if tokens are valid: true, expires at: 1789814821104
[debug] [2026-09-19T10:09:40.105Z] Checked if tokens are valid: true, expires at: 1789814821104
[debug] [2026-09-19T10:09:40.105Z] >>> [apiv2][query] GET https://firestore.googleapis.com/v1/projects/apteka-6a804/databases [none]
[debug] [2026-09-19T10:09:41.373Z] <<< [apiv2][status] GET https://firestore.googleapis.com/v1/projects/apteka-6a804/databases 200
[debug] [2026-09-19T10:09:41.373Z] <<< [apiv2][body] GET https://firestore.googleapis.com/v1/projects/apteka-6a804/databases {}
[debug] [2026-09-19T10:09:41.373Z] Checked if tokens are valid: true, expires at: 1789814821104
[debug] [2026-09-19T10:09:41.373Z] Checked if tokens are valid: true, expires at: 1789814821104
[debug] [2026-09-19T10:09:41.374Z] >>> [apiv2][query] GET https://firestore.googleapis.com/v1/projects/apteka-6a804/locations [none]
[debug] [2026-09-19T10:09:41.886Z] <<< [apiv2][status] GET https://firestore.googleapis.com/v1/projects/apteka-6a804/locations 200
[debug] [2026-09-19T10:09:41.886Z] <<< [apiv2][body] GET https://firestore.googleapis.com/v1/projects/apteka-6a804/locations {"locations":[{"name":"projects/apteka-6a804/locations/eur3","labels":{"appengine.googleapis.com/geo":"europe-west","cloud.googleapis.com/location":"eur3","cloud.googleapis.com/geo":"eur3"},"metadata":{"@type":"type.googleapis.com/google.firestore.admin.v1.LocationMetadata"},"locationId":"eur3","displayName":"Europe"},{"name":"projects/apteka-6a804/locations/nam5","labels":{"appengine.googleapis.com/geo":"us-central","cloud.googleapis.com/location":"nam5","cloud.googleapis.com/geo":"nam5"},"metadata":{"@type":"type.googleapis.com/google.firestore.admin.v1.LocationMetadata"},"locationId":"nam5","displayName":"United States"},{"name":"projects/apteka-6a804/locations/nam7","labels":{"cloud.googleapis.com/location":"nam7","cloud.googleapis.com/geo":"nam7"},"metadata":{"@type":"type.googleapis.com/google.firestore.admin.v1.LocationMetadata"},"locationId":"nam7","displayName":"United States"},{"name":"projects/apteka-6a804/locations/africa-south1","labels":{"cloud.googleapis.com/location":"africa-south1","cloud.googleapis.com/region":"africa-south1"},"metadata":{"@type":"type.googleapis.com/google.firestore.admin.v1.LocationMetadata"},"locationId":"africa-south1","displayName":"Johannesburg"},{"name":"projects/apteka-6a804/locations/asia-east1","labels":{"appengine.googleapis.com/region":"asia-east1","cloud.googleapis.com/location":"asia-east1","cloud.googleapis.com/region":"asia-east1"},"metadata":{"@type":"type.googleapis.com/google.firestore.admin.v1.LocationMetadata"},"locationId":"asia-east1","displayName":"Taiwan"},{"name":"projects/apteka-6a804/locations/asia-east2","labels":{"appengine.googleapis.com/region":"asia-east2","cloud.googleapis.com/location":"asia-east2","cloud.googleapis.com/region":"asia-east2"},"metadata":{"@type":"type.googleapis.com/google.firestore.admin.v1.LocationMetadata"},"locationId":"asia-east2","displayName":"Hong Kong"},{"name":"projects/apteka-6a804/locations/asia-northeast1","labels":{"appengine.googleapis.com/region":"asia-northeast1","cloud.googleapis.com/location":"asia-northeast1","cloud.googleapis.com/region":"asia-northeast1"},"metadata":{"@type":"type.googleapis.com/google.firestore.admin.v1.LocationMetadata"},"locationId":"asia-northeast1","displayName":"Tokyo"},{"name":"projects/apteka-6a804/locations/asia-northeast2","labels":{"appengine.googleapis.com/region":"asia-northeast2","cloud.googleapis.com/location":"asia-northeast2","cloud.googleapis.com/region":"asia-northeast2"},"metadata":{"@type":"type.googleapis.com/google.firestore.admin.v1.LocationMetadata"},"locationId":"asia-northeast2","displayName":"Osaka"},{"name":"projects/apteka-6a804/locations/asia-northeast3","labels":{"appengine.googleapis.com/region":"asia-northeast3","cloud.googleapis.com/location":"asia-northeast3","cloud.googleapis.com/region":"asia-northeast3"},"metadata":{"@type":"type.googleapis.com/google.firestore.admin.v1.LocationMetadata"},"locationId":"asia-northeast3","displayName":"Seoul"},{"name":"projects/apteka-6a804/locations/asia-south1","labels":{"appengine.googleapis.com/region":"asia-south1","cloud.googleapis.com/location":"asia-south1","cloud.googleapis.com/region":"asia-south1"},"metadata":{"@type":"type.googleapis.com/google.firestore.admin.v1.LocationMetadata"},"locationId":"asia-south1","displayName":"Mumbai"},{"name":"projects/apteka-6a804/locations/asia-south2","labels":{"cloud.googleapis.com/location":"asia-south2","cloud.googleapis.com/region":"asia-south2"},"metadata":{"@type":"type.googleapis.com/google.firestore.admin.v1.LocationMetadata"},"locationId":"asia-south2","displayName":"Delhi"},{"name":"projects/apteka-6a804/locations/asia-southeast1","labels":{"appengine.googleapis.com/region":"asia-southeast1","cloud.googleapis.com/location":"asia-southeast1","cloud.googleapis.com/region":"asia-southeast1"},"metadata":{"@type":"type.googleapis.com/google.firestore.admin.v1.LocationMetadata"},"locationId":"asia-southeast1","displayName":"Singapore"},{"name":"projects/apteka-6a804/locations/asia-southeast2","labels":{"appengine.googleapis.com/region":"asia-southeast2","cloud.googleapis.com/location":"asia-southeast2","cloud.googleapis.com/region":"asia-southeast2"},"metadata":{"@type":"type.googleapis.com/google.firestore.admin.v1.LocationMetadata"},"locationId":"asia-southeast2","displayName":"Jakarta"},{"name":"projects/apteka-6a804/locations/asia-southeast3","labels":{"cloud.googleapis.com/location":"asia-southeast3","cloud.googleapis.com/region":"asia-southeast3"},"metadata":{"@type":"type.googleapis.com/google.firestore.admin.v1.LocationMetadata"},"locationId":"asia-southeast3","displayName":"Bangkok"},{"name":"projects/apteka-6a804/locations/australia-southeast1","labels":{"appengine.googleapis.com/region":"australia-southeast1","cloud.googleapis.com/location":"australia-southeast1","cloud.googleapis.com/region":"australia-southeast1"},"metadata":{"@type":"type.googleapis.com/google.firestore.admin.v1.LocationMetadata"},"locationId":"australia-southeast1","displayName":"Sydney"},{"name":"projects/apteka-6a804/locations/australia-southeast2","labels":{"cloud.googleapis.com/location":"australia-southeast2","cloud.googleapis.com/region":"australia-southeast2"},"metadata":{"@type":"type.googleapis.com/google.firestore.admin.v1.LocationMetadata"},"locationId":"australia-southeast2","displayName":"Melbourne"},{"name":"projects/apteka-6a804/locations/europe-central2","labels":{"appengine.googleapis.com/region":"europe-central2","cloud.googleapis.com/location":"europe-central2","cloud.googleapis.com/region":"europe-central2"},"metadata":{"@type":"type.googleapis.com/google.firestore.admin.v1.LocationMetadata"},"locationId":"europe-central2","displayName":"Warsaw"},{"name":"projects/apteka-6a804/locations/europe-north1","labels":{"cloud.googleapis.com/location":"europe-north1","cloud.googleapis.com/region":"europe-north1"},"metadata":{"@type":"type.googleapis.com/google.firestore.admin.v1.LocationMetadata"},"locationId":"europe-north1","displayName":"Finland"},{"name":"projects/apteka-6a804/locations/europe-north2","labels":{"cloud.googleapis.com/location":"europe-north2","cloud.googleapis.com/region":"europe-north2"},"metadata":{"@type":"type.googleapis.com/google.firestore.admin.v1.LocationMetadata"},"locationId":"europe-north2","displayName":"Stockholm"},{"name":"projects/apteka-6a804/locations/europe-southwest1","labels":{"cloud.googleapis.com/location":"europe-southwest1","cloud.googleapis.com/region":"europe-southwest1"},"metadata":{"@type":"type.googleapis.com/google.firestore.admin.v1.LocationMetadata"},"locationId":"europe-southwest1","displayName":"Madrid"},{"name":"projects/apteka-6a804/locations/europe-west1","labels":{"cloud.googleapis.com/location":"europe-west1","cloud.googleapis.com/region":"europe-west1"},"metadata":{"@type":"type.googleapis.com/google.firestore.admin.v1.LocationMetadata"},"locationId":"europe-west1","displayName":"Belgium"},{"name":"projects/apteka-6a804/locations/europe-west10","labels":{"cloud.googleapis.com/location":"europe-west10","cloud.googleapis.com/region":"europe-west10"},"metadata":{"@type":"type.googleapis.com/google.firestore.admin.v1.LocationMetadata"},"locationId":"europe-west10","displayName":"Berlin"},{"name":"projects/apteka-6a804/locations/europe-west12","labels":{"cloud.googleapis.com/location":"europe-west12","cloud.googleapis.com/region":"europe-west12"},"metadata":{"@type":"type.googleapis.com/google.firestore.admin.v1.LocationMetadata"},"locationId":"europe-west12","displayName":"Turin"},{"name":"projects/apteka-6a804/locations/europe-west2","labels":{"appengine.googleapis.com/region":"europe-west2","cloud.googleapis.com/location":"europe-west2","cloud.googleapis.com/region":"europe-west2"},"metadata":{"@type":"type.googleapis.com/google.firestore.admin.v1.LocationMetadata"},"locationId":"europe-west2","displayName":"London"},{"name":"projects/apteka-6a804/locations/europe-west3","labels":{"appengine.googleapis.com/region":"europe-west3","cloud.googleapis.com/location":"europe-west3","cloud.googleapis.com/region":"europe-west3"},"metadata":{"@type":"type.googleapis.com/google.firestore.admin.v1.LocationMetadata"},"locationId":"europe-west3","displayName":"Frankfurt"},{"name":"projects/apteka-6a804/locations/europe-west4","labels":{"cloud.googleapis.com/location":"europe-west4","cloud.googleapis.com/region":"europe-west4"},"metadata":{"@type":"type.googleapis.com/google.firestore.admin.v1.LocationMetadata"},"locationId":"europe-west4","displayName":"Netherlands"},{"name":"projects/apteka-6a804/locations/europe-west6","labels":{"appengine.googleapis.com/region":"europe-west6","cloud.googleapis.com/location":"europe-west6","cloud.googleapis.com/region":"europe-west6"},"metadata":{"@type":"type.googleapis.com/google.firestore.admin.v1.LocationMetadata"},"locationId":"europe-west6","displayName":"Zurich"},{"name":"projects/apteka-6a804/locations/europe-west8","labels":{"cloud.googleapis.com/location":"europe-west8","cloud.googleapis.com/region":"europe-west8"},"metadata":{"@type":"type.googleapis.com/google.firestore.admin.v1.LocationMetadata"},"locationId":"europe-west8","displayName":"Milan"},{"name":"projects/apteka-6a804/locations/europe-west9","labels":{"cloud.googleapis.com/location":"europe-west9","cloud.googleapis.com/region":"europe-west9"},"metadata":{"@type":"type.googleapis.com/google.firestore.admin.v1.LocationMetadata"},"locationId":"europe-west9","displayName":"Paris"},{"name":"projects/apteka-6a804/locations/me-central1","labels":{"cloud.googleapis.com/location":"me-central1","cloud.googleapis.com/region":"me-central1"},"metadata":{"@type":"type.googleapis.com/google.firestore.admin.v1.LocationMetadata"},"locationId":"me-central1","displayName":"Doha"},{"name":"projects/apteka-6a804/locations/me-central2","labels":{"cloud.googleapis.com/location":"me-central2","cloud.googleapis.com/region":"me-central2"},"metadata":{"@type":"type.googleapis.com/google.firestore.admin.v1.LocationMetadata"},"locationId":"me-central2","displayName":"Dammam"},{"name":"projects/apteka-6a804/locations/me-west1","labels":{"cloud.googleapis.com/location":"me-west1","cloud.googleapis.com/region":"me-west1"},"metadata":{"@type":"type.googleapis.com/google.firestore.admin.v1.LocationMetadata"},"locationId":"me-west1","displayName":"Tel Aviv"},{"name":"projects/apteka-6a804/locations/northamerica-northeast1","labels":{"appengine.googleapis.com/region":"northamerica-northeast1","cloud.googleapis.com/location":"northamerica-northeast1","cloud.googleapis.com/region":"northamerica-northeast1"},"metadata":{"@type":"type.googleapis.com/google.firestore.admin.v1.LocationMetadata"},"locationId":"northamerica-northeast1","displayName":"Montréal"},{"name":"projects/apteka-6a804/locations/northamerica-northeast2","labels":{"cloud.googleapis.com/location":"northamerica-northeast2","cloud.googleapis.com/region":"northamerica-northeast2"},"metadata":{"@type":"type.googleapis.com/google.firestore.admin.v1.LocationMetadata"},"locationId":"northamerica-northeast2","displayName":"Toronto"},{"name":"projects/apteka-6a804/locations/northamerica-south1","labels":{"cloud.googleapis.com/location":"northamerica-south1","cloud.googleapis.com/region":"northamerica-south1"},"metadata":{"@type":"type.googleapis.com/google.firestore.admin.v1.LocationMetadata"},"locationId":"northamerica-south1","displayName":"Mexico"},{"name":"projects/apteka-6a804/locations/southamerica-east1","labels":{"appengine.googleapis.com/region":"southamerica-east1","cloud.googleapis.com/location":"southamerica-east1","cloud.googleapis.com/region":"southamerica-east1"},"metadata":{"@type":"type.googleapis.com/google.firestore.admin.v1.LocationMetadata"},"locationId":"southamerica-east1","displayName":"São Paulo"},{"name":"projects/apteka-6a804/locations/southamerica-west1","labels":{"cloud.googleapis.com/location":"southamerica-west1","cloud.googleapis.com/region":"southamerica-west1"},"metadata":{"@type":"type.googleapis.com/google.firestore.admin.v1.LocationMetadata"},"locationId":"southamerica-west1","displayName":"Santiago"},{"name":"projects/apteka-6a804/locations/us-central1","labels":{"cloud.googleapis.com/location":"us-central1","cloud.googleapis.com/region":"us-central1"},"metadata":{"@type":"type.googleapis.com/google.firestore.admin.v1.LocationMetadata"},"locationId":"us-central1","displayName":"Iowa"},{"name":"projects/apteka-6a804/locations/us-east1","labels":{"appengine.googleapis.com/region":"us-east1","cloud.googleapis.com/location":"us-east1","cloud.googleapis.com/region":"us-east1"},"metadata":{"@type":"type.googleapis.com/google.firestore.admin.v1.LocationMetadata"},"locationId":"us-east1","displayName":"South Carolina"},{"name":"projects/apteka-6a804/locations/us-east4","labels":{"appengine.googleapis.com/region":"us-east4","cloud.googleapis.com/location":"us-east4","cloud.googleapis.com/region":"us-east4"},"metadata":{"@type":"type.googleapis.com/google.firestore.admin.v1.LocationMetadata"},"locationId":"us-east4","displayName":"Northern Virginia"},{"name":"projects/apteka-6a804/locations/us-east5","labels":{"cloud.googleapis.com/location":"us-east5","cloud.googleapis.com/region":"us-east5"},"metadata":{"@type":"type.googleapis.com/google.firestore.admin.v1.LocationMetadata"},"locationId":"us-east5","displayName":"Columbus"},{"name":"projects/apteka-6a804/locations/us-south1","labels":{"cloud.googleapis.com/location":"us-south1","cloud.googleapis.com/region":"us-south1"},"metadata":{"@type":"type.googleapis.com/google.firestore.admin.v1.LocationMetadata"},"locationId":"us-south1","displayName":"Dallas"},{"name":"projects/apteka-6a804/locations/us-west1","labels":{"appengine.googleapis.com/region":"us-west1","cloud.googleapis.com/location":"us-west1","cloud.googleapis.com/region":"us-west1"},"metadata":{"@type":"type.googleapis.com/google.firestore.admin.v1.LocationMetadata"},"locationId":"us-west1","displayName":"Oregon"},{"name":"projects/apteka-6a804/locations/us-west2","labels":{"appengine.googleapis.com/region":"us-west2","cloud.googleapis.com/location":"us-west2","cloud.googleapis.com/region":"us-west2"},"metadata":{"@type":"type.googleapis.com/google.firestore.admin.v1.LocationMetadata"},"locationId":"us-west2","displayName":"Los Angeles"},{"name":"projects/apteka-6a804/locations/us-west3","labels":{"appengine.googleapis.com/region":"us-west3","cloud.googleapis.com/location":"us-west3","cloud.googleapis.com/region":"us-west3"},"metadata":{"@type":"type.googleapis.com/google.firestore.admin.v1.LocationMetadata"},"locationId":"us-west3","displayName":"Salt Lake City"},{"name":"projects/apteka-6a804/locations/us-west4","labels":{"appengine.googleapis.com/region":"us-west4","cloud.googleapis.com/location":"us-west4","cloud.googleapis.com/region":"us-west4"},"metadata":{"@type":"type.googleapis.com/google.firestore.admin.v1.LocationMetadata"},"locationId":"us-west4","displayName":"Las Vegas"}]}
[info] 
[info] Firestore Security Rules allow you to define how and when to allow
[info] requests. You can keep these rules in your project directory
[info] and publish them with firebase deploy.
[info] 
[debug] [2026-09-19T10:14:04.603Z] Checked if tokens are valid: true, expires at: 1789814821104
[debug] [2026-09-19T10:14:04.603Z] Checked if tokens are valid: true, expires at: 1789814821104
[debug] [2026-09-19T10:14:04.604Z] >>> [apiv2][query] GET https://firebaserules.googleapis.com/v1/projects/apteka-6a804/releases pageSize=10&pageToken=
[debug] [2026-09-19T10:14:06.380Z] <<< [apiv2][status] GET https://firebaserules.googleapis.com/v1/projects/apteka-6a804/releases 200
[debug] [2026-09-19T10:14:06.380Z] <<< [apiv2][body] GET https://firebaserules.googleapis.com/v1/projects/apteka-6a804/releases {}
[info] 
[info] Firestore indexes allow you to perform complex queries while
[info] maintaining performance that scales with the size of the result
[info] set. You can keep index definitions in your project directory
[info] and publish them with firebase deploy.
[info] 
[debug] [2026-09-19T10:14:32.536Z] Checked if tokens are valid: true, expires at: 1789814821104
[debug] [2026-09-19T10:14:32.536Z] Checked if tokens are valid: true, expires at: 1789814821104
[debug] [2026-09-19T10:14:32.536Z] Checked if tokens are valid: true, expires at: 1789814821104
[debug] [2026-09-19T10:14:32.536Z] Checked if tokens are valid: true, expires at: 1789814821104
[debug] [2026-09-19T10:14:32.536Z] >>> [apiv2][query] GET https://firestore.googleapis.com/v1/projects/apteka-6a804/databases/(default)/collectionGroups/-/indexes [none]
[debug] [2026-09-19T10:14:32.539Z] >>> [apiv2][query] GET https://firestore.googleapis.com/v1/projects/apteka-6a804/databases/(default)/collectionGroups/-/fields?filter=indexConfig.usesAncestorConfig=false OR ttlConfig:* [none]
[debug] [2026-09-19T10:14:43.155Z] *** [apiv2] error from fetch(https://firestore.googleapis.com/v1/projects/apteka-6a804/databases/(default)/collectionGroups/-/indexes, {"headers":{},"method":"GET"}): ConnectTimeoutError: Connect Timeout Error (attempted address: firestore.googleapis.com:443, timeout: 10000ms)
[debug] [2026-09-19T10:14:43.158Z] *** [apiv2] error from fetch(https://firestore.googleapis.com/v1/projects/apteka-6a804/databases/(default)/collectionGroups/-/fields?filter=indexConfig.usesAncestorConfig=false OR ttlConfig:*, {"headers":{},"method":"GET"}): ConnectTimeoutError: Connect Timeout Error (attempted address: firestore.googleapis.com:443, timeout: 10000ms)
[debug] [2026-09-19T10:14:48.174Z] Error: Timed out.
    at Timeout._onTimeout (C:\Users\User\AppData\Roaming\npm\node_modules\firebase-tools\lib\utils.js:299:49)
    at listOnTimeout (node:internal/timers:635:17)
    at process.processTimers (node:internal/timers:571:7)
[error] 
[error] Error: An unexpected error has occurred.
[debug] [2026-09-19T10:49:48.817Z] ----------------------------------------------------------------------
[debug] [2026-09-19T10:49:48.828Z] Command:       C:\Program Files\nodejs\node.exe C:\Users\User\AppData\Roaming\npm\node_modules\firebase-tools\lib\bin\firebase.js init
[debug] [2026-09-19T10:49:48.829Z] CLI Version:   15.30.2
[debug] [2026-09-19T10:49:48.829Z] Platform:      win32
[debug] [2026-09-19T10:49:48.829Z] Node Version:  v24.19.0
[debug] [2026-09-19T10:49:48.829Z] Detected Agent: unknown
[debug] [2026-09-19T10:49:48.829Z] Time:          Sat Sep 19 2026 15:49:48 GMT+0500 (Таджикистан)
[debug] [2026-09-19T10:49:48.829Z] ----------------------------------------------------------------------
[debug] 
[info] 
     ######## #### ########  ######## ########     ###     ######  ########
     ##        ##  ##     ## ##       ##     ##  ##   ##  ##       ##
     ######    ##  ########  ######   ########  #########  ######  ######
     ##        ##  ##    ##  ##       ##     ## ##     ##       ## ##
     ##       #### ##     ## ######## ########  ##     ##  ######  ########

You're about to initialize a Firebase project in this directory:

  C:\Users\User\OneDrive\Документы\Projects\Apteka

